// Jest Snapshot v1, https://goo.gl/fbAQLP

exports[`App Renders correctly 1`] = `ShallowWrapper {}`;

exports[`App renders correctly 1`] = `
<div
  className="container"
>
  <div
    className="formDiv"
  >
    <form
      onSubmit={[Function]}
    >
      <label
        className="player"
      >
        Player : 
      </label>
      <input
        className="bar"
        id="username"
        name="username"
        placeholder="    insert player name(s)"
        required={true}
        type="text"
      />
      <p
        className="diff"
      >
        Select Level
      </p>
      <label
        className="text"
      >
        Easy 
      </label>
      <input
        id="easy"
        name="difficulty"
        required={true}
        type="radio"
        value="easy"
      />
      <label
        className="text"
      >
        Medium 
      </label>
      <input
        id="medium"
        name="difficulty"
        type="radio"
        value="medium"
      />
      <label
        className="text"
      >
        Difficult 
      </label>
      <input
        id="difficult"
        name="difficulty"
        type="radio"
        value="hard"
      />
      <br />
      <select
        id="category"
        name="category"
        required={true}
        value={null}
      >
        <option
          name="Please Select Category"
          value=""
        >
           Please Select Category
        </option>
        <option
          name="Celebrity"
          value="26"
        >
          Celebrity
        </option>
        <option
          name="Mythology"
          value="20"
        >
          Mythology
        </option>
        <option
          name="History"
          value="23"
        >
          History
        </option>
        <option
          name="Animals"
          value="27"
        >
          Animals
        </option>
        <option
          name="Science & Computers"
          value="18"
        >
          Science & Computers
        </option>
      </select>
      <div
        className="buttonDiv"
      >
        <button
          className="playbutton"
          type="submit"
        >
          Play
        </button>
      </div>
    </form>
  </div>
</div>
`;
