// Jest Snapshot v1, https://goo.gl/fbAQLP

exports[`<Score /> Renders correctly 1`] = `ShallowWrapper {}`;

exports[`<Score /> renders correctly 1`] = `
<div
  className="scoreComponent"
>
  <div
    className="scoreComponentResults"
  >
    <h1
      className="scoreResultsChild"
    >
      Score Board 
    </h1>
    <p
      className="scoreResultsChild"
    >
      a
       scored 
      0
      /5!
    </p>
    <p
      className="scoreResultsChild"
    >
      b
       scored 
      1
      /5!
    </p>
  </div>
  <div
    className="skyContainer"
  >
    <div
      className="star"
    />
    <div
      className="star"
    />
    <div
      className="star"
    />
    <div
      className="star"
    />
    <div
      className="star"
    />
  </div>
  <div
    className="startButtonDiv"
  >
    <button
      className="startButton"
      onClick={[Function]}
    >
      Play Again
    </button>
  </div>
</div>
`;
