// Jest Snapshot v1, https://goo.gl/fbAQLP

exports[`<Score /> Renders correctly 1`] = `ShallowWrapper {}`;

exports[`<Score /> renders correctly 1`] = `
<div
  className="scoreComponent"
>
  <div
    className="scoreComponentResults"
  >
    <h1
      className="scoreResultsChild"
    >
      The winner is:
      b
       
    </h1>
    <h3
      className="scoreResultsChild"
    >
      Scoreboard
    </h3>
    <div
      className="scoreGroup"
    >
      <div
        className="scoreBoard"
      >
        <div
          className="scoreBoardList"
        >
          a
        </div>
        <div
          className="scoreBoardList"
        >
          b
        </div>
      </div>
      <div
        className="scoreCount"
      >
        <div
          className="scoreCountList"
        >
          0
        </div>
        <div
          className="scoreCountList"
        >
          1
        </div>
      </div>
    </div>
  </div>
  <div
    className="skyContainer"
  >
    <div
      className="star"
    />
    <div
      className="star"
    />
    <div
      className="star"
    />
    <div
      className="star"
    />
    <div
      className="star"
    />
  </div>
  <div
    className="startButtonDiv"
  >
    <button
      className="startButton"
      onClick={[Function]}
    >
      Start New Quiz!
    </button>
  </div>
</div>
`;
